R-chall-aggro-botIsblue.moves.json: done
R-chall-aggro-botIsred.moves.json: done
R-chall-blob-botIsblue.moves.json: done
R-chall-blob-botIsred.moves.json: done
R-chall-junk-botIsblue.moves.json: done
R-chall-junk-botIsred.moves.json: done
R-chall-neck-botIsblue.moves.json: done
R-chall-neck-botIsred.moves.json: done
R-chall-random-botIsblue-s1000.moves.json: done
R-chall-random-botIsblue-s1001.moves.json: done
R-chall-random-botIsblue-s1002.moves.json: done
R-chall-random-botIsblue-s1003.moves.json: done
R-chall-random-botIsblue-s1004.moves.json: done
R-chall-random-botIsblue-s1005.moves.json: done
R-chall-random-botIsblue-s1006.moves.json: done
R-chall-random-botIsblue-s1007.moves.json: done
R-chall-random-botIsblue-s1008.moves.json: done
R-chall-random-botIsblue-s1009.moves.json: done
R-chall-random-botIsred-s2000.moves.json: done
R-chall-random-botIsred-s2001.moves.json: done
R-chall-random-botIsred-s2002.moves.json: done
R-chall-random-botIsred-s2003.moves.json: done
R-chall-random-botIsred-s2004.moves.json: done
R-chall-random-botIsred-s2005.moves.json: done
R-chall-random-botIsred-s2006.moves.json: done
R-chall-random-botIsred-s2007.moves.json: done
R-chall-random-botIsred-s2008.moves.json: done
R-chall-random-botIsred-s2009.moves.json: done
R-chall-sandbag-botIsblue.moves.json: done
R-chall-sandbag-botIsred.moves.json: done
R-chall-sprawl-botIsblue.moves.json: done
R-chall-sprawl-botIsred.moves.json: done
R-chall-turtle-botIsblue.moves.json: done
R-chall-turtle-botIsred.moves.json: done
chall-aggro-botIsblue.moves.json: done
chall-aggro-botIsred.moves.json: done
chall-blob-botIsblue.moves.json: done
chall-blob-botIsred.moves.json: done
chall-neck-botIsblue.moves.json: done
chall-neck-botIsred.moves.json: done
chall-sandbag-botIsblue.moves.json: done
chall-sandbag-botIsred.moves.json: done
chall-sprawl-botIsblue.moves.json: done
chall-sprawl-botIsred.moves.json: done
chall-turtle-botIsblue.moves.json: done
chall-turtle-botIsred.moves.json: done
CHAIR Blue: zero-yield-cut picks 45 flips 29 (64.4%) over 1380 roots
CHAIR Red: zero-yield-cut picks 17 flips 9 (52.9%) over 1380 roots
FLIP 38/62 = 61.3% over 2760 roots
