warning: variable does not need to be mutable
   --> examples/probe_r_reinforce.rs:248:9
    |
248 |     let mut take_every = |game: &mut Game, step: usize, out: &mut Vec<(Position, Vec<Move>)>| {
    |         ----^^^^^^^^^^
    |         |
    |         help: remove this `mut`
    |
    = note: `#[warn(unused_mut)]` (part of `#[warn(unused)]`) on by default

warning: field `capped` is never read
   --> examples/probe_r_reinforce.rs:120:5
    |
112 | struct Played {
    |        ------ field in this struct
...
120 |     capped: bool,
    |     ^^^^^^
    |
    = note: `#[warn(dead_code)]` (part of `#[warn(unused)]`) on by default

warning: constant `CUT_MEMORY` is never used
   --> examples/../src/eval_reinforce.rs:253:11
    |
253 | pub const CUT_MEMORY: usize = 6;
    |           ^^^^^^^^^^

warning: field `depth` is never read
   --> examples/../src/eval_reinforce.rs:331:9
    |
327 | pub struct Analysis {
    |            -------- field in this struct
...
331 |     pub depth: usize,
    |         ^^^^^

warning: fields `pv` and `visits` are never read
   --> examples/../src/eval_reinforce.rs:344:9
    |
338 | pub struct Candidate {
    |            --------- fields in this struct
...
344 |     pub pv: Vec<Move>,
    |         ^^
345 |     /// 1, plus the replies searched.
346 |     pub visits: usize,
    |         ^^^^^^

warning: function `best_move` is never used
   --> examples/../src/eval_reinforce.rs:349:8
    |
349 | pub fn best_move(position: &Position) -> Option<Move> {
    |        ^^^^^^^^^

warning: function `baseline_best_move` is never used
   --> examples/../src/eval_reinforce.rs:354:8
    |
354 | pub fn baseline_best_move(position: &Position) -> Option<Move> {
    |        ^^^^^^^^^^^^^^^^^^

warning: function `best_move_with_avoid` is never used
   --> examples/../src/eval_reinforce.rs:361:8
    |
361 | pub fn best_move_with_avoid(position: &Position, avoid: &[Point]) -> Option<Move> {
    |        ^^^^^^^^^^^^^^^^^^^^

warning: function `baseline_best_move_with_avoid` is never used
   --> examples/../src/eval_reinforce.rs:369:8
    |
369 | pub fn baseline_best_move_with_avoid(position: &Position, avoid: &[Point]) -> Option<Move> {
    |        ^^^^^^^^^^^^^^^^^^^^^^^^^^^^^

warning: function `analyze` is never used
   --> examples/../src/eval_reinforce.rs:379:8
    |
379 | pub fn analyze(position: &Position, budget: usize) -> Analysis {
    |        ^^^^^^^

warning: fields `evaluation`, `depth`, and `nodes` are never read
  --> examples/support/v1base.rs:47:9
   |
45 | pub struct Analysis {
   |            -------- fields in this struct
46 |     /// Blue's lead after the best move and its reply.
47 |     pub evaluation: f64,
   |         ^^^^^^^^^^
48 |     /// 2 when replies were searched.
49 |     pub depth: usize,
   |         ^^^^^
50 |     /// Positions searched.
51 |     pub nodes: usize,
   |         ^^^^^

warning: fields `pv` and `visits` are never read
  --> examples/support/v1base.rs:62:9
   |
56 | pub struct Candidate {
   |            --------- fields in this struct
...
62 |     pub pv: Vec<Move>,
   |         ^^
63 |     /// 1, plus the replies searched.
64 |     pub visits: usize,
   |         ^^^^^^

warning: fields `evaluation`, `depth`, and `nodes` are never read
  --> examples/support/scoutbase.rs:27:9
   |
25 | pub struct Analysis {
   |            -------- fields in this struct
26 |     /// Blue's lead after the best move and its reply.
27 |     pub evaluation: f64,
   |         ^^^^^^^^^^
28 |     /// 2 when replies were searched.
29 |     pub depth: usize,
   |         ^^^^^
30 |     /// Positions searched.
31 |     pub nodes: usize,
   |         ^^^^^

warning: fields `pv` and `visits` are never read
  --> examples/support/scoutbase.rs:41:9
   |
36 | pub struct Candidate {
   |            --------- fields in this struct
...
41 |     pub pv: Vec<Move>,
   |         ^^
42 |     /// 1, plus the replies searched.
43 |     pub visits: usize,
   |         ^^^^^^

warning: `retaliator` (example "probe_r_reinforce") generated 14 warnings (run `cargo fix --example "probe_r_reinforce" -p retaliator` to apply 1 suggestion)
    Finished `release` profile [optimized] target(s) in 0.01s
     Running `target/release/examples/probe_r_reinforce census`
probe_r_reinforce: v9 REINFORCE D1 (DENSE extension, kill-0 GO 5e43810)
mode: census
=== flip census: dose pick vs OFF pick across weights ===
positions: 36 (deterministic), budget 4096
W=0.25 : flips 4/36 (11.1%)
W=0.5  : flips 4/36 (11.1%)
W=1    : flips 4/36 (11.1%)
W=2    : flips 6/36 (16.7%)
W=4    : flips 6/36 (16.7%)
compiled D1 weight: REINFORCE_DENSE_W = 1 (census at other weights is ungated context)
mode census done in 9s
