warning: constant `CUT_MEMORY` is never used
   --> examples/../src/eval_reinforce.rs:253:11
    |
253 | pub const CUT_MEMORY: usize = 6;
    |           ^^^^^^^^^^
    |
    = note: `#[warn(dead_code)]` (part of `#[warn(unused)]`) on by default

warning: field `depth` is never read
   --> examples/../src/eval_reinforce.rs:331:9
    |
327 | pub struct Analysis {
    |            -------- field in this struct
...
331 |     pub depth: usize,
    |         ^^^^^

warning: fields `pv` and `visits` are never read
   --> examples/../src/eval_reinforce.rs:344:9
    |
338 | pub struct Candidate {
    |            --------- fields in this struct
...
344 |     pub pv: Vec<Move>,
    |         ^^
345 |     /// 1, plus the replies searched.
346 |     pub visits: usize,
    |         ^^^^^^

warning: function `best_move` is never used
   --> examples/../src/eval_reinforce.rs:349:8
    |
349 | pub fn best_move(position: &Position) -> Option<Move> {
    |        ^^^^^^^^^

warning: function `baseline_best_move` is never used
   --> examples/../src/eval_reinforce.rs:354:8
    |
354 | pub fn baseline_best_move(position: &Position) -> Option<Move> {
    |        ^^^^^^^^^^^^^^^^^^

warning: function `best_move_with_avoid` is never used
   --> examples/../src/eval_reinforce.rs:361:8
    |
361 | pub fn best_move_with_avoid(position: &Position, avoid: &[Point]) -> Option<Move> {
    |        ^^^^^^^^^^^^^^^^^^^^

warning: function `baseline_best_move_with_avoid` is never used
   --> examples/../src/eval_reinforce.rs:369:8
    |
369 | pub fn baseline_best_move_with_avoid(position: &Position, avoid: &[Point]) -> Option<Move> {
    |        ^^^^^^^^^^^^^^^^^^^^^^^^^^^^^

warning: function `analyze` is never used
   --> examples/../src/eval_reinforce.rs:379:8
    |
379 | pub fn analyze(position: &Position, budget: usize) -> Analysis {
    |        ^^^^^^^

warning: fields `evaluation`, `depth`, and `nodes` are never read
  --> examples/support/v1base.rs:47:9
   |
45 | pub struct Analysis {
   |            -------- fields in this struct
46 |     /// Blue's lead after the best move and its reply.
47 |     pub evaluation: f64,
   |         ^^^^^^^^^^
48 |     /// 2 when replies were searched.
49 |     pub depth: usize,
   |         ^^^^^
50 |     /// Positions searched.
51 |     pub nodes: usize,
   |         ^^^^^

warning: fields `pv` and `visits` are never read
  --> examples/support/v1base.rs:62:9
   |
56 | pub struct Candidate {
   |            --------- fields in this struct
...
62 |     pub pv: Vec<Move>,
   |         ^^
63 |     /// 1, plus the replies searched.
64 |     pub visits: usize,
   |         ^^^^^^

warning: fields `evaluation`, `depth`, and `nodes` are never read
  --> examples/support/scoutbase.rs:27:9
   |
25 | pub struct Analysis {
   |            -------- fields in this struct
26 |     /// Blue's lead after the best move and its reply.
27 |     pub evaluation: f64,
   |         ^^^^^^^^^^
28 |     /// 2 when replies were searched.
29 |     pub depth: usize,
   |         ^^^^^
30 |     /// Positions searched.
31 |     pub nodes: usize,
   |         ^^^^^

warning: fields `pv` and `visits` are never read
  --> examples/support/scoutbase.rs:41:9
   |
36 | pub struct Candidate {
   |            --------- fields in this struct
...
41 |     pub pv: Vec<Move>,
   |         ^^
42 |     /// 1, plus the replies searched.
43 |     pub visits: usize,
   |         ^^^^^^

warning: `retaliator` (example "probe_r_reinforce") generated 12 warnings
    Finished `release` profile [optimized] target(s) in 0.63s
     Running `target/release/examples/probe_r_reinforce h2h`
probe_r_reinforce: v9 REINFORCE D1 (DENSE extension, kill-0 GO 5e43810)
mode: h2h
=== h2h: dose vs control (LIVE shipped engine), 10 games, both colors ===
game  1: doseBlue score 1907 vs 2377 margin -24.6% survival 7.0% dense 8% (120 actions)
game  2: doseRed score  788 vs 1992 margin -152.7% survival 0.5% dense 45% (115 actions)
game  3: doseBlue score 1555 vs 2815 margin -81.0% survival 1.4% dense 27% (110 actions)
game  4: doseRed score  788 vs 1992 margin -152.7% survival 0.5% dense 50% (105 actions)
game  5: doseBlue score 1215 vs 1502 margin -23.6% survival 10.3% dense 30% (100 actions)
game  6: doseRed score 1201 vs 1939 margin -61.4% survival 11.3% dense 17% (95 actions)
game  7: doseBlue score 1609 vs 1032 margin +35.9% survival 10.0% dense 47% (90 actions)
game  8: doseRed score 1201 vs 1939 margin -61.4% survival 12.7% dense 17% (85 actions)
game  9: doseBlue score 1609 vs 1032 margin +35.9% survival 10.0% dense 48% (80 actions)
game 10: doseRed score 1201 vs 1939 margin -61.4% survival 14.2% dense 16% (75 actions)
h2h: dose 2/10 (Blue 2/5, Red 0/5)
h2h pooled: survival 7.0% avg margin -54.7% dense-freq 30.3% (10 games, 488 moves)
GATE (h2h >= 6/10): FAIL
mode h2h done in 37s
